------------------------------------------------------------
Timing Analyzer Summary
------------------------------------------------------------

Type  : Slow 1100mV 85C Model Setup 'clkdiv:c_vga|clkout'
Slack : -8.908
TNS   : -258.223

Type  : Slow 1100mV 85C Model Setup 'clk50'
Slack : -8.126
TNS   : -13872.432

Type  : Slow 1100mV 85C Model Setup 'clkdiv:c_1k|clkout'
Slack : -2.487
TNS   : -70.625

Type  : Slow 1100mV 85C Model Hold 'clkdiv:c_1k|clkout'
Slack : 0.168
TNS   : 0.000

Type  : Slow 1100mV 85C Model Hold 'clk50'
Slack : 0.278
TNS   : 0.000

Type  : Slow 1100mV 85C Model Hold 'clkdiv:c_vga|clkout'
Slack : 0.300
TNS   : 0.000

Type  : Slow 1100mV 85C Model Minimum Pulse Width 'clkdiv:c_vga|clkout'
Slack : -2.225
TNS   : -56.464

Type  : Slow 1100mV 85C Model Minimum Pulse Width 'clk50'
Slack : -0.436
TNS   : -1666.936

Type  : Slow 1100mV 85C Model Minimum Pulse Width 'clkdiv:c_1k|clkout'
Slack : -0.394
TNS   : -25.000

Type  : Slow 1100mV 0C Model Setup 'clkdiv:c_vga|clkout'
Slack : -8.859
TNS   : -247.843

Type  : Slow 1100mV 0C Model Setup 'clk50'
Slack : -7.802
TNS   : -13033.326

Type  : Slow 1100mV 0C Model Setup 'clkdiv:c_1k|clkout'
Slack : -2.442
TNS   : -69.802

Type  : Slow 1100mV 0C Model Hold 'clk50'
Slack : 0.037
TNS   : 0.000

Type  : Slow 1100mV 0C Model Hold 'clkdiv:c_1k|clkout'
Slack : 0.155
TNS   : 0.000

Type  : Slow 1100mV 0C Model Hold 'clkdiv:c_vga|clkout'
Slack : 0.298
TNS   : 0.000

Type  : Slow 1100mV 0C Model Minimum Pulse Width 'clkdiv:c_vga|clkout'
Slack : -2.225
TNS   : -56.161

Type  : Slow 1100mV 0C Model Minimum Pulse Width 'clk50'
Slack : -0.433
TNS   : -1827.037

Type  : Slow 1100mV 0C Model Minimum Pulse Width 'clkdiv:c_1k|clkout'
Slack : -0.394
TNS   : -25.093

Type  : Fast 1100mV 85C Model Setup 'clkdiv:c_vga|clkout'
Slack : -5.078
TNS   : -150.229

Type  : Fast 1100mV 85C Model Setup 'clk50'
Slack : -4.211
TNS   : -8059.835

Type  : Fast 1100mV 85C Model Setup 'clkdiv:c_1k|clkout'
Slack : -1.185
TNS   : -31.974

Type  : Fast 1100mV 85C Model Hold 'clk50'
Slack : 0.042
TNS   : 0.000

Type  : Fast 1100mV 85C Model Hold 'clkdiv:c_1k|clkout'
Slack : 0.047
TNS   : 0.000

Type  : Fast 1100mV 85C Model Hold 'clkdiv:c_vga|clkout'
Slack : 0.105
TNS   : 0.000

Type  : Fast 1100mV 85C Model Minimum Pulse Width 'clkdiv:c_vga|clkout'
Slack : -1.702
TNS   : -22.533

Type  : Fast 1100mV 85C Model Minimum Pulse Width 'clk50'
Slack : -0.433
TNS   : -313.879

Type  : Fast 1100mV 85C Model Minimum Pulse Width 'clkdiv:c_1k|clkout'
Slack : -0.099
TNS   : -2.076

Type  : Fast 1100mV 0C Model Setup 'clkdiv:c_vga|clkout'
Slack : -4.548
TNS   : -129.315

Type  : Fast 1100mV 0C Model Setup 'clk50'
Slack : -3.688
TNS   : -6772.867

Type  : Fast 1100mV 0C Model Setup 'clkdiv:c_1k|clkout'
Slack : -1.036
TNS   : -27.553

Type  : Fast 1100mV 0C Model Hold 'clk50'
Slack : -0.101
TNS   : -0.107

Type  : Fast 1100mV 0C Model Hold 'clkdiv:c_1k|clkout'
Slack : 0.030
TNS   : 0.000

Type  : Fast 1100mV 0C Model Hold 'clkdiv:c_vga|clkout'
Slack : 0.090
TNS   : 0.000

Type  : Fast 1100mV 0C Model Minimum Pulse Width 'clkdiv:c_vga|clkout'
Slack : -1.702
TNS   : -20.939

Type  : Fast 1100mV 0C Model Minimum Pulse Width 'clk50'
Slack : -0.409
TNS   : -311.419

Type  : Fast 1100mV 0C Model Minimum Pulse Width 'clkdiv:c_1k|clkout'
Slack : -0.039
TNS   : -0.790

------------------------------------------------------------
